[INFO] Scanning for projects...
[INFO] 
[INFO] ----------------< com.careerboost:careerboost-backend >-----------------
[INFO] Building careerboost-backend 0.0.1-SNAPSHOT
[INFO]   from pom.xml
[INFO] --------------------------------[ jar ]---------------------------------
[INFO] 
[INFO] --- resources:3.3.1:resources (default-resources) @ careerboost-backend ---
[INFO] Copying 1 resource from src\main\resources to target\classes
[INFO] Copying 0 resource from src\main\resources to target\classes
[INFO] 
[INFO] --- compiler:3.11.0:compile (default-compile) @ careerboost-backend ---
[INFO] Changes detected - recompiling the module! :source
[INFO] Compiling 35 source files with javac [debug release 17] to target\classes
[INFO] -------------------------------------------------------------
[ERROR] COMPILATION ERROR : 
[INFO] -------------------------------------------------------------
[ERROR] /C:/Users/Lenovo/OneDrive/Desktop/SOFTWEAR ENGINER/CareerBoost AI/backend/src/main/java/com/careerboost/repository/UserRepository.java:[4,51] package org.springframework.data.mongodb.repository does not exist
[ERROR] /C:/Users/Lenovo/OneDrive/Desktop/SOFTWEAR ENGINER/CareerBoost AI/backend/src/main/java/com/careerboost/repository/UserRepository.java:[7,41] cannot find symbol
  symbol: class MongoRepository
[ERROR] /C:/Users/Lenovo/OneDrive/Desktop/SOFTWEAR ENGINER/CareerBoost AI/backend/src/main/java/com/careerboost/model/User.java:[6,53] package org.springframework.data.mongodb.core.mapping does not exist
[ERROR] /C:/Users/Lenovo/OneDrive/Desktop/SOFTWEAR ENGINER/CareerBoost AI/backend/src/main/java/com/careerboost/model/User.java:[14,2] cannot find symbol
  symbol: class Document
[ERROR] /C:/Users/Lenovo/OneDrive/Desktop/SOFTWEAR ENGINER/CareerBoost AI/backend/src/main/java/com/careerboost/repository/ResumeRepository.java:[4,51] package org.springframework.data.mongodb.repository does not exist
[ERROR] /C:/Users/Lenovo/OneDrive/Desktop/SOFTWEAR ENGINER/CareerBoost AI/backend/src/main/java/com/careerboost/repository/ResumeRepository.java:[7,43] cannot find symbol
  symbol: class MongoRepository
[ERROR] /C:/Users/Lenovo/OneDrive/Desktop/SOFTWEAR ENGINER/CareerBoost AI/backend/src/main/java/com/careerboost/model/Resume.java:[4,53] package org.springframework.data.mongodb.core.mapping does not exist
[ERROR] /C:/Users/Lenovo/OneDrive/Desktop/SOFTWEAR ENGINER/CareerBoost AI/backend/src/main/java/com/careerboost/model/Resume.java:[7,2] cannot find symbol
  symbol: class Document
[ERROR] /C:/Users/Lenovo/OneDrive/Desktop/SOFTWEAR ENGINER/CareerBoost AI/backend/src/main/java/com/careerboost/repository/PaymentRepository.java:[4,51] package org.springframework.data.mongodb.repository does not exist
[ERROR] /C:/Users/Lenovo/OneDrive/Desktop/SOFTWEAR ENGINER/CareerBoost AI/backend/src/main/java/com/careerboost/repository/PaymentRepository.java:[8,44] cannot find symbol
  symbol: class MongoRepository
[ERROR] /C:/Users/Lenovo/OneDrive/Desktop/SOFTWEAR ENGINER/CareerBoost AI/backend/src/main/java/com/careerboost/model/Payment.java:[4,53] package org.springframework.data.mongodb.core.mapping does not exist
[ERROR] /C:/Users/Lenovo/OneDrive/Desktop/SOFTWEAR ENGINER/CareerBoost AI/backend/src/main/java/com/careerboost/model/Payment.java:[7,2] cannot find symbol
  symbol: class Document
[ERROR] /C:/Users/Lenovo/OneDrive/Desktop/SOFTWEAR ENGINER/CareerBoost AI/backend/src/main/java/com/careerboost/model/Interview.java:[4,53] package org.springframework.data.mongodb.core.mapping does not exist
[ERROR] /C:/Users/Lenovo/OneDrive/Desktop/SOFTWEAR ENGINER/CareerBoost AI/backend/src/main/java/com/careerboost/model/Interview.java:[7,2] cannot find symbol
  symbol: class Document
[ERROR] /C:/Users/Lenovo/OneDrive/Desktop/SOFTWEAR ENGINER/CareerBoost AI/backend/src/main/java/com/careerboost/repository/InterviewRepository.java:[4,51] package org.springframework.data.mongodb.repository does not exist
[ERROR] /C:/Users/Lenovo/OneDrive/Desktop/SOFTWEAR ENGINER/CareerBoost AI/backend/src/main/java/com/careerboost/repository/InterviewRepository.java:[7,46] cannot find symbol
  symbol: class MongoRepository
[ERROR] /C:/Users/Lenovo/OneDrive/Desktop/SOFTWEAR ENGINER/CareerBoost AI/backend/src/main/java/com/careerboost/controller/DashboardController.java:[35,43] cannot find symbol
  symbol:   method findByUserIdOrderByCreatedAtDesc(java.lang.String)
  location: variable resumeRepository of type com.careerboost.repository.ResumeRepository
[ERROR] /C:/Users/Lenovo/OneDrive/Desktop/SOFTWEAR ENGINER/CareerBoost AI/backend/src/main/java/com/careerboost/service/PaymentService.java:[50,30] cannot find symbol
  symbol:   method save(com.careerboost.model.Payment)
  location: variable paymentRepository of type com.careerboost.repository.PaymentRepository
[ERROR] /C:/Users/Lenovo/OneDrive/Desktop/SOFTWEAR ENGINER/CareerBoost AI/backend/src/main/java/com/careerboost/service/PaymentService.java:[75,34] cannot find symbol
  symbol:   method save(com.careerboost.model.Payment)
  location: variable paymentRepository of type com.careerboost.repository.PaymentRepository
[ERROR] /C:/Users/Lenovo/OneDrive/Desktop/SOFTWEAR ENGINER/CareerBoost AI/backend/src/main/java/com/careerboost/service/PaymentService.java:[78,31] cannot find symbol
  symbol:   method save(com.careerboost.model.User)
  location: variable userRepository of type com.careerboost.repository.UserRepository
[ERROR] /C:/Users/Lenovo/OneDrive/Desktop/SOFTWEAR ENGINER/CareerBoost AI/backend/src/main/java/com/careerboost/controller/ResumeController.java:[54,50] cannot find symbol
  symbol:   method findByUserIdOrderByCreatedAtDesc(java.lang.String)
  location: variable resumeRepository of type com.careerboost.repository.ResumeRepository
[ERROR] /C:/Users/Lenovo/OneDrive/Desktop/SOFTWEAR ENGINER/CareerBoost AI/backend/src/main/java/com/careerboost/service/ResumeService.java:[65,15] cannot find symbol
  symbol:   method setAnalysis(java.lang.String)
  location: variable resume of type com.careerboost.model.Resume
[ERROR] /C:/Users/Lenovo/OneDrive/Desktop/SOFTWEAR ENGINER/CareerBoost AI/backend/src/main/java/com/careerboost/service/ResumeService.java:[66,15] cannot find symbol
  symbol:   method setScore(int)
  location: variable resume of type com.careerboost.model.Resume
[ERROR] /C:/Users/Lenovo/OneDrive/Desktop/SOFTWEAR ENGINER/CareerBoost AI/backend/src/main/java/com/careerboost/service/ResumeService.java:[67,15] cannot find symbol
  symbol:   method setRoastMode(boolean)
  location: variable resume of type com.careerboost.model.Resume
[ERROR] /C:/Users/Lenovo/OneDrive/Desktop/SOFTWEAR ENGINER/CareerBoost AI/backend/src/main/java/com/careerboost/service/ResumeService.java:[68,25] cannot find symbol
  symbol:   method save(com.careerboost.model.Resume)
  location: variable resumeRepository of type com.careerboost.repository.ResumeRepository
[ERROR] /C:/Users/Lenovo/OneDrive/Desktop/SOFTWEAR ENGINER/CareerBoost AI/backend/src/main/java/com/careerboost/service/ResumeService.java:[73,23] cannot find symbol
  symbol:   method save(com.careerboost.model.User)
  location: variable userRepository of type com.careerboost.repository.UserRepository
[ERROR] /C:/Users/Lenovo/OneDrive/Desktop/SOFTWEAR ENGINER/CareerBoost AI/backend/src/main/java/com/careerboost/service/AuthService.java:[44,19] cannot find symbol
  symbol:   method save(com.careerboost.model.User)
  location: variable repository of type com.careerboost.repository.UserRepository
[ERROR] /C:/Users/Lenovo/OneDrive/Desktop/SOFTWEAR ENGINER/CareerBoost AI/backend/src/main/java/com/careerboost/service/AIFeatureService.java:[68,23] cannot find symbol
  symbol:   method save(com.careerboost.model.User)
  location: variable userRepository of type com.careerboost.repository.UserRepository
[ERROR] /C:/Users/Lenovo/OneDrive/Desktop/SOFTWEAR ENGINER/CareerBoost AI/backend/src/main/java/com/careerboost/controller/AdminController.java:[31,41] cannot find symbol
  symbol:   method count()
  location: variable userRepository of type com.careerboost.repository.UserRepository
[ERROR] /C:/Users/Lenovo/OneDrive/Desktop/SOFTWEAR ENGINER/CareerBoost AI/backend/src/main/java/com/careerboost/controller/AdminController.java:[32,47] cannot find symbol
  symbol:   method count()
  location: variable paymentRepository of type com.careerboost.repository.PaymentRepository
[ERROR] /C:/Users/Lenovo/OneDrive/Desktop/SOFTWEAR ENGINER/CareerBoost AI/backend/src/main/java/com/careerboost/controller/AdminController.java:[33,48] cannot find symbol
  symbol:   method findAll()
  location: variable paymentRepository of type com.careerboost.repository.PaymentRepository
[ERROR] /C:/Users/Lenovo/OneDrive/Desktop/SOFTWEAR ENGINER/CareerBoost AI/backend/src/main/java/com/careerboost/controller/AdminController.java:[47,48] cannot find symbol
  symbol:   method findAll()
  location: variable userRepository of type com.careerboost.repository.UserRepository
[ERROR] /C:/Users/Lenovo/OneDrive/Desktop/SOFTWEAR ENGINER/CareerBoost AI/backend/src/main/java/com/careerboost/controller/AdminController.java:[52,51] cannot find symbol
  symbol:   method findAll()
  location: variable paymentRepository of type com.careerboost.repository.PaymentRepository
[INFO] 33 errors 
[INFO] -------------------------------------------------------------
[INFO] ------------------------------------------------------------------------
[INFO] BUILD FAILURE
[INFO] ------------------------------------------------------------------------
[INFO] Total time:  3.380 s
[INFO] Finished at: 2026-04-02T04:01:50+05:30
[INFO] ------------------------------------------------------------------------
[ERROR] Failed to execute goal org.apache.maven.plugins:maven-compiler-plugin:3.11.0:compile (default-compile) on project careerboost-backend: Compilation failure: Compilation failure: 
[ERROR] /C:/Users/Lenovo/OneDrive/Desktop/SOFTWEAR ENGINER/CareerBoost AI/backend/src/main/java/com/careerboost/repository/UserRepository.java:[4,51] package org.springframework.data.mongodb.repository does not exist
[ERROR] /C:/Users/Lenovo/OneDrive/Desktop/SOFTWEAR ENGINER/CareerBoost AI/backend/src/main/java/com/careerboost/repository/UserRepository.java:[7,41] cannot find symbol
[ERROR]   symbol: class MongoRepository
[ERROR] /C:/Users/Lenovo/OneDrive/Desktop/SOFTWEAR ENGINER/CareerBoost AI/backend/src/main/java/com/careerboost/model/User.java:[6,53] package org.springframework.data.mongodb.core.mapping does not exist
[ERROR] /C:/Users/Lenovo/OneDrive/Desktop/SOFTWEAR ENGINER/CareerBoost AI/backend/src/main/java/com/careerboost/model/User.java:[14,2] cannot find symbol
[ERROR]   symbol: class Document
[ERROR] /C:/Users/Lenovo/OneDrive/Desktop/SOFTWEAR ENGINER/CareerBoost AI/backend/src/main/java/com/careerboost/repository/ResumeRepository.java:[4,51] package org.springframework.data.mongodb.repository does not exist
[ERROR] /C:/Users/Lenovo/OneDrive/Desktop/SOFTWEAR ENGINER/CareerBoost AI/backend/src/main/java/com/careerboost/repository/ResumeRepository.java:[7,43] cannot find symbol
[ERROR]   symbol: class MongoRepository
[ERROR] /C:/Users/Lenovo/OneDrive/Desktop/SOFTWEAR ENGINER/CareerBoost AI/backend/src/main/java/com/careerboost/model/Resume.java:[4,53] package org.springframework.data.mongodb.core.mapping does not exist
[ERROR] /C:/Users/Lenovo/OneDrive/Desktop/SOFTWEAR ENGINER/CareerBoost AI/backend/src/main/java/com/careerboost/model/Resume.java:[7,2] cannot find symbol
[ERROR]   symbol: class Document
[ERROR] /C:/Users/Lenovo/OneDrive/Desktop/SOFTWEAR ENGINER/CareerBoost AI/backend/src/main/java/com/careerboost/repository/PaymentRepository.java:[4,51] package org.springframework.data.mongodb.repository does not exist
[ERROR] /C:/Users/Lenovo/OneDrive/Desktop/SOFTWEAR ENGINER/CareerBoost AI/backend/src/main/java/com/careerboost/repository/PaymentRepository.java:[8,44] cannot find symbol
[ERROR]   symbol: class MongoRepository
[ERROR] /C:/Users/Lenovo/OneDrive/Desktop/SOFTWEAR ENGINER/CareerBoost AI/backend/src/main/java/com/careerboost/model/Payment.java:[4,53] package org.springframework.data.mongodb.core.mapping does not exist
[ERROR] /C:/Users/Lenovo/OneDrive/Desktop/SOFTWEAR ENGINER/CareerBoost AI/backend/src/main/java/com/careerboost/model/Payment.java:[7,2] cannot find symbol
[ERROR]   symbol: class Document
[ERROR] /C:/Users/Lenovo/OneDrive/Desktop/SOFTWEAR ENGINER/CareerBoost AI/backend/src/main/java/com/careerboost/model/Interview.java:[4,53] package org.springframework.data.mongodb.core.mapping does not exist
[ERROR] /C:/Users/Lenovo/OneDrive/Desktop/SOFTWEAR ENGINER/CareerBoost AI/backend/src/main/java/com/careerboost/model/Interview.java:[7,2] cannot find symbol
[ERROR]   symbol: class Document
[ERROR] /C:/Users/Lenovo/OneDrive/Desktop/SOFTWEAR ENGINER/CareerBoost AI/backend/src/main/java/com/careerboost/repository/InterviewRepository.java:[4,51] package org.springframework.data.mongodb.repository does not exist
[ERROR] /C:/Users/Lenovo/OneDrive/Desktop/SOFTWEAR ENGINER/CareerBoost AI/backend/src/main/java/com/careerboost/repository/InterviewRepository.java:[7,46] cannot find symbol
[ERROR]   symbol: class MongoRepository
[ERROR] /C:/Users/Lenovo/OneDrive/Desktop/SOFTWEAR ENGINER/CareerBoost AI/backend/src/main/java/com/careerboost/controller/DashboardController.java:[35,43] cannot find symbol
[ERROR]   symbol:   method findByUserIdOrderByCreatedAtDesc(java.lang.String)
[ERROR]   location: variable resumeRepository of type com.careerboost.repository.ResumeRepository
[ERROR] /C:/Users/Lenovo/OneDrive/Desktop/SOFTWEAR ENGINER/CareerBoost AI/backend/src/main/java/com/careerboost/service/PaymentService.java:[50,30] cannot find symbol
[ERROR]   symbol:   method save(com.careerboost.model.Payment)
[ERROR]   location: variable paymentRepository of type com.careerboost.repository.PaymentRepository
[ERROR] /C:/Users/Lenovo/OneDrive/Desktop/SOFTWEAR ENGINER/CareerBoost AI/backend/src/main/java/com/careerboost/service/PaymentService.java:[75,34] cannot find symbol
[ERROR]   symbol:   method save(com.careerboost.model.Payment)
[ERROR]   location: variable paymentRepository of type com.careerboost.repository.PaymentRepository
[ERROR] /C:/Users/Lenovo/OneDrive/Desktop/SOFTWEAR ENGINER/CareerBoost AI/backend/src/main/java/com/careerboost/service/PaymentService.java:[78,31] cannot find symbol
[ERROR]   symbol:   method save(com.careerboost.model.User)
[ERROR]   location: variable userRepository of type com.careerboost.repository.UserRepository
[ERROR] /C:/Users/Lenovo/OneDrive/Desktop/SOFTWEAR ENGINER/CareerBoost AI/backend/src/main/java/com/careerboost/controller/ResumeController.java:[54,50] cannot find symbol
[ERROR]   symbol:   method findByUserIdOrderByCreatedAtDesc(java.lang.String)
[ERROR]   location: variable resumeRepository of type com.careerboost.repository.ResumeRepository
[ERROR] /C:/Users/Lenovo/OneDrive/Desktop/SOFTWEAR ENGINER/CareerBoost AI/backend/src/main/java/com/careerboost/service/ResumeService.java:[65,15] cannot find symbol
[ERROR]   symbol:   method setAnalysis(java.lang.String)
[ERROR]   location: variable resume of type com.careerboost.model.Resume
[ERROR] /C:/Users/Lenovo/OneDrive/Desktop/SOFTWEAR ENGINER/CareerBoost AI/backend/src/main/java/com/careerboost/service/ResumeService.java:[66,15] cannot find symbol
[ERROR]   symbol:   method setScore(int)
[ERROR]   location: variable resume of type com.careerboost.model.Resume
[ERROR] /C:/Users/Lenovo/OneDrive/Desktop/SOFTWEAR ENGINER/CareerBoost AI/backend/src/main/java/com/careerboost/service/ResumeService.java:[67,15] cannot find symbol
[ERROR]   symbol:   method setRoastMode(boolean)
[ERROR]   location: variable resume of type com.careerboost.model.Resume
[ERROR] /C:/Users/Lenovo/OneDrive/Desktop/SOFTWEAR ENGINER/CareerBoost AI/backend/src/main/java/com/careerboost/service/ResumeService.java:[68,25] cannot find symbol
[ERROR]   symbol:   method save(com.careerboost.model.Resume)
[ERROR]   location: variable resumeRepository of type com.careerboost.repository.ResumeRepository
[ERROR] /C:/Users/Lenovo/OneDrive/Desktop/SOFTWEAR ENGINER/CareerBoost AI/backend/src/main/java/com/careerboost/service/ResumeService.java:[73,23] cannot find symbol
[ERROR]   symbol:   method save(com.careerboost.model.User)
[ERROR]   location: variable userRepository of type com.careerboost.repository.UserRepository
[ERROR] /C:/Users/Lenovo/OneDrive/Desktop/SOFTWEAR ENGINER/CareerBoost AI/backend/src/main/java/com/careerboost/service/AuthService.java:[44,19] cannot find symbol
[ERROR]   symbol:   method save(com.careerboost.model.User)
[ERROR]   location: variable repository of type com.careerboost.repository.UserRepository
[ERROR] /C:/Users/Lenovo/OneDrive/Desktop/SOFTWEAR ENGINER/CareerBoost AI/backend/src/main/java/com/careerboost/service/AIFeatureService.java:[68,23] cannot find symbol
[ERROR]   symbol:   method save(com.careerboost.model.User)
[ERROR]   location: variable userRepository of type com.careerboost.repository.UserRepository
[ERROR] /C:/Users/Lenovo/OneDrive/Desktop/SOFTWEAR ENGINER/CareerBoost AI/backend/src/main/java/com/careerboost/controller/AdminController.java:[31,41] cannot find symbol
[ERROR]   symbol:   method count()
[ERROR]   location: variable userRepository of type com.careerboost.repository.UserRepository
[ERROR] /C:/Users/Lenovo/OneDrive/Desktop/SOFTWEAR ENGINER/CareerBoost AI/backend/src/main/java/com/careerboost/controller/AdminController.java:[32,47] cannot find symbol
[ERROR]   symbol:   method count()
[ERROR]   location: variable paymentRepository of type com.careerboost.repository.PaymentRepository
[ERROR] /C:/Users/Lenovo/OneDrive/Desktop/SOFTWEAR ENGINER/CareerBoost AI/backend/src/main/java/com/careerboost/controller/AdminController.java:[33,48] cannot find symbol
[ERROR]   symbol:   method findAll()
[ERROR]   location: variable paymentRepository of type com.careerboost.repository.PaymentRepository
[ERROR] /C:/Users/Lenovo/OneDrive/Desktop/SOFTWEAR ENGINER/CareerBoost AI/backend/src/main/java/com/careerboost/controller/AdminController.java:[47,48] cannot find symbol
[ERROR]   symbol:   method findAll()
[ERROR]   location: variable userRepository of type com.careerboost.repository.UserRepository
[ERROR] /C:/Users/Lenovo/OneDrive/Desktop/SOFTWEAR ENGINER/CareerBoost AI/backend/src/main/java/com/careerboost/controller/AdminController.java:[52,51] cannot find symbol
[ERROR]   symbol:   method findAll()
[ERROR]   location: variable paymentRepository of type com.careerboost.repository.PaymentRepository
[ERROR] -> [Help 1]
[ERROR] 
[ERROR] To see the full stack trace of the errors, re-run Maven with the -e switch.
[ERROR] Re-run Maven using the -X switch to enable full debug logging.
[ERROR] 
[ERROR] For more information about the errors and possible solutions, please read the following articles:
[ERROR] [Help 1] http://cwiki.apache.org/confluence/display/MAVEN/MojoFailureException
